//Task 01

CREATE TABLE Department
(
Dept_Name VARCHAR2(30),
Dept_ID INT,
Establish_Year INT,
CONSTRAINT Department_table_pk PRIMARY KEY (Dept_Name)
);

CREATE TABLE Student
(
Student_ID INT,
Name VARCHAR2(30),
CGPA VARCHAR2(30),
Hometown VARCHAR2(30),
MOBILE_No INT,
S_Dept VARCHAR2(30),
CONSTRAINT Student_table_pk PRIMARY KEY (Student_ID),
CONSTRAINT Student_table_fk FOREIGN KEY (S_Dept) REFERENCES Department(Dept_Name)
);

CREATE TABLE Employee
(
E_ID INT,
Name VARCHAR2(10),
Salary INT,
Hometown VARCHAR2(20),
E_Dept VARCHAR2(30),
CONSTRAINT Employee_table_pk PRIMARY KEY (E_ID),
CONSTRAINT Employee_table_fk FOREIGN KEY (E_Dept) REFERENCES Department(Dept_Name)
);

INSERT INTO Department VALUES('CSE',1,2001);
INSERT INTO Department VALUES('EEE',2,2001);
INSERT INTO Department VALUES('MCE',3,2001);

INSERT INTO Student VALUES(136,'Ninad','3.45','Dhaka',013458,'CSE');
INSERT INTO Student VALUES(145,'kamrul','3.44','Chittagong',013459,'EEE');
INSERT INTO Student VALUES(433,'Hasan','3.48','Rangpur',013450,'MCE');


INSERT INTO Employee VALUES(20,'Faisal',555,'Barisal','CSE');
INSERT INTO Employee VALUES(21,'Akib',557,'Rangur','EEE');
INSERT INTO Employee VALUES(22,'Sadik',595,'Dhaka','MCE');



--SELECT Student_ID, Dept_ID FROM Student, Department;;



INSERT INTO Student VALUES(136,'Tasfia','3.45','Dhaka',013458,'BTM');
INSERT INTO Employee VALUES(20,'Abrar',555,'Barisal','CEE');

SQL> INSERT INTO Student VALUES(136,'Tasfia','3.45','Dhaka',013458,'BTM');
INSERT INTO Student VALUES(136,'Tasfia','3.45','Dhaka',013458,'BTM')
*
ERROR at line 1:
ORA-00001: unique constraint (SYSTEM.STUDENT_TABLE_PK) violated


SQL> INSERT INTO Employee VALUES(20,'Abrar',555,'Barisal','CEE');
INSERT INTO Employee VALUES(20,'Abrar',555,'Barisal','CEE')
*
ERROR at line 1:
ORA-00001: unique constraint (SYSTEM.EMPLOYEE_TABLE_PK) violated


INSERT INTO Student VALUES(136,'Tasfia','3.45','Dhaka',013458,'BTM');
INSERT INTO Employee VALUES(20,'Abrar',555,'Barisal','CEE');
INSERT INTO Department VALUES('CSE',1,2000);

SQL> INSERT INTO Student VALUES(136,'Tasfia','3.45','Dhaka',013458,'BTM');
INSERT INTO Student VALUES(136,'Tasfia','3.45','Dhaka',013458,'BTM')
*
ERROR at line 1:
ORA-00001: unique constraint (RAIHAN.STUDENT_TABLE_PK) violated


SQL> INSERT INTO Employee VALUES(20,'Abrar',555,'Barisal','CEE');
INSERT INTO Employee VALUES(20,'Abrar',555,'Barisal','CEE')
*
ERROR at line 1:
ORA-00001: unique constraint (RAIHAN.EMPLOYEE_TABLE_PK) violated


SQL> INSERT INTO Department VALUES('CSE',1,2000);
INSERT INTO Department VALUES('CSE',1,2000)
*
ERROR at line 1:
ORA-00001: unique constraint (RAIHAN.DEPARTMENT_TABLE_PK) violated

* As Department name in the table Department is Foriegn key so no department can be access from employee table 
if that accessed department is not in the department table.So we have to add first the philosopy department
in the Department table.

//Task02

CREATE TABLE Album
(
    Album_id INT,
    Name VARCHAR(30),
    Releasing_year INT,
    Album_artist_id INT,
    CONSTRAINT Album_table_pk PRIMARY KEY (Album_id),
    CONSTRAINT Album_table_fk FOREIGN KEY (Album_artist_id) REFERENCES Artist(Artist_id)
);



CREATE TABLE Artist 
(
    Artist_id INT,
    Name VARCHAR(30),
    Band_name VARCHAR(30),
    CONSTRAINT Artist_id_pk PRIMARY KEY (Artist_id)
);

CREATE TABLE Song
(
    Song_name VARCHAR(30),
    Song_album_name VARCHAR(30),
    Song_artist_id INT,
    Genre VARCHAR (15),
    CONSTRAINT Song_table_pk PRIMARY KEY (Song_name, Song_album_name),
    CONSTRAINT Song_table_fk FOREIGN KEY (Song_artist_id) REFERENCES Artist(Artist_id)
);


INSERT INTO Album values (1,'zss',2000,4);
INSERT INTO Album values (1,'ddff',1999,4)


INSERT INTO Artist values (1,'srdd','sssd');
INSERT INTO Artist values (5,'asbc','dryzen');



INSERT INTO Song values ('gds','sddsc',1,'shunno');
INSERT INTO song values ('dss','sdff',3,'ghola');


SQL> INSERT INTO Album values (1,'zss',2000,4);
INSERT INTO Album values (1,'zss',2000,4)
*
ERROR at line 1:
ORA-02291: integrity constraint (RAIHAN.ALBUM_TABLE_FK) violated - parent key
not found


SQL> INSERT INTO Album values (1,'ddff',1999,4)
  2
SQL>
SQL> INSERT INTO Artist values (1,'srdd','sssd');
INSERT INTO Artist values (1,'srdd','sssd')
*
ERROR at line 1:
ORA-00001: unique constraint (RAIHAN.ARTIST_ID_PK) violated


SQL> INSERT INTO Artist values (5,'asbc','dryzen');
INSERT INTO Artist values (5,'asbc','dryzen')
*
ERROR at line 1:
ORA-00001: unique constraint (RAIHAN.ARTIST_ID_PK) violated
SQL>
SQL> INSERT INTO Song values ('gds','sddsc',1,'shunno');
INSERT INTO Song values ('gds','sddsc',1,'shunno')
*
ERROR at line 1:
ORA-00001: unique constraint (RAIHAN.SONG_TABLE_PK) violated


SQL> INSERT INTO song values ('dss','sdff',3,'ghola');
INSERT INTO song values ('dss','sdff',3,'ghola')
*
ERROR at line 1:
ORA-02291: integrity constraint (RAIHAN.SONG_TABLE_FK) violated - parent key
not found

//Task 03


SQL> ALTER TABLE Employee DROP COLUMN Hometown;

Table altered.

SQL> SELECT Hometown FROM Employee;
SELECT Hometown FROM Employee
       *
ERROR at line 1:
ORA-00904: "HOMETOWN": invalid identifier

SQL> ALTER TABLE Department ADD Building VARCHAR2(20);

Table altered.


ALTER TABLE Song
ADD Track_Number VARCHAR2(20);
UPDATE Song
SET  Track_Number = Song_Name;
ALTER TABLE Song
DROP CONSTRAINT Song_table_pk;

ALTER TABLE Song
DROP COLUMN Song_Name;

ALTER TABLE Song
ADD CONSTRAINT Song_table_pk PRIMARY KEY (Track_Number);

SQL> ALTER TABLE Song
  2  DROP CONSTRAINT Song_table_pk;

Table altered.

SQL>
SQL> ALTER TABLE Song
  2  DROP COLUMN Song_Name;
DROP COLUMN Song_Name
            *
ERROR at line 2:
ORA-00904: "SONG_NAME": invalid identifier


SQL>
SQL> ALTER TABLE Song
  2  ADD CONSTRAINT Song_table_pk PRIMARY KEY (Track_Number);

Table altered.

DROP TABLE Album;

SQL> DROP TABLE ALBUM;

Table dropped.

CREATE TABLE Album
(
    Album_id INT,
    Name VARCHAR(30),
    Releasing_year INT,
    Album_artist_id INT,
    CONSTRAINT Album_table_pk PRIMARY KEY (Album_id,Name),
    CONSTRAINT Album_table_fk FOREIGN KEY (Album_artist_id) REFERENCES Artist(Artist_id)
);

SQL> CREATE TABLE Album
  2  (
  3      Album_id INT,
  4      Name VARCHAR(30),
  5      Releasing_year INT,
  6      Album_artist_id INT,
  7      CONSTRAINT Album_table_pk PRIMARY KEY (Album_id,Name),
  8      CONSTRAINT Album_table_fk FOREIGN KEY (Album_artist_id) REFERENCES Artist(Artist_id)
  9  );

Table created.










